<html>
<body>
<pre>
<h1>µVision Build Log</h1>
<h2>Project:</h2>
C:\Users\Administrator\Desktop\CarDemo\USER\DEMO.uvproj
Project File Date:  04/07/2015

<h2>Output:</h2>
Build target 'DEMO'
assembling startup_stm32f10x_hd.s...
compiling core_cm3.c...
compiling system_stm32f10x.c...
compiling misc.c...
compiling stm32f10x_gpio.c...
compiling stm32f10x_rcc.c...
compiling stm32f10x_tim.c...
compiling stm32f10x_usart.c...
compiling stm32f10x_adc.c...
compiling stm32f10x_exti.c...
compiling stm32f10x_it.c...
compiling main.c...
main.c(21): warning:  #223-D: function "TIM3_Configuration" declared implicitly
main.c:         TIM3_Configuration();
main.c:         ^
main.c: main.c: 1 warning, 0 errors
compiling Delay.c...
compiling Moto.c...
compiling LED.c...
compiling NVIC.c...
compiling usart1.c...
compiling CarControl.c...
compiling NEW_PWM_TEST.c...
linking...
Program Size: Code=10152 RO-data=336 RW-data=76 ZI-data=1764  
FromELF: creating hex file...
"..\OBJ\DEMO.axf" - 0 Error(s), 1 Warning(s).
Build target 'DEMO'
linking...
Program Size: Code=10152 RO-data=336 RW-data=76 ZI-data=1764  
FromELF: creating hex file...
"..\OBJ\DEMO.axf" - 0 Error(s), 0 Warning(s).
